
[2025-07-08T17:13:35.400Z]
POST /api/forget-password
Status: 400
Message: Expected double-quoted property name in JSON at position 41
Stack: SyntaxError: Expected double-quoted property name in JSON at position 41
    at JSON.parse (<anonymous>)
    at parse (F:\thomas-logistics-backend\server\node_modules\body-parser\lib\types\json.js:89:19)
    at F:\thomas-logistics-backend\server\node_modules\body-parser\lib\read.js:128:18
    at AsyncResource.runInAsyncScope (node:async_hooks:206:9)
    at invokeCallback (F:\thomas-logistics-backend\server\node_modules\raw-body\index.js:231:16)
    at done (F:\thomas-logistics-backend\server\node_modules\raw-body\index.js:220:7)
    at IncomingMessage.onEnd (F:\thomas-logistics-backend\server\node_modules\raw-body\index.js:280:7)
    at IncomingMessage.emit (node:events:519:28)
    at endReadableNT (node:internal/streams/readable:1696:12)
    at process.processTicksAndRejections (node:internal/process/task_queues:82:21)


[2025-10-29T20:14:12.917Z]
POST /api/subscriptions/create-subscription
Status: 400
Message: Unexpected non-whitespace character after JSON at position 191
Stack: SyntaxError: Unexpected non-whitespace character after JSON at position 191
    at JSON.parse (<anonymous>)
    at parse (F:\Senior Citizen\node_modules\body-parser\lib\types\json.js:77:19)
    at F:\Senior Citizen\node_modules\body-parser\lib\read.js:123:18
    at AsyncResource.runInAsyncScope (node:async_hooks:206:9)
    at invokeCallback (F:\Senior Citizen\node_modules\raw-body\index.js:238:16)
    at done (F:\Senior Citizen\node_modules\raw-body\index.js:227:7)
    at IncomingMessage.onEnd (F:\Senior Citizen\node_modules\raw-body\index.js:287:7)
    at IncomingMessage.emit (node:events:519:28)
    at endReadableNT (node:internal/streams/readable:1696:12)
    at process.processTicksAndRejections (node:internal/process/task_queues:82:21)


[2025-10-29T20:14:14.965Z]
POST /api/subscriptions/create-subscription
Status: 400
Message: Unexpected non-whitespace character after JSON at position 191
Stack: SyntaxError: Unexpected non-whitespace character after JSON at position 191
    at JSON.parse (<anonymous>)
    at parse (F:\Senior Citizen\node_modules\body-parser\lib\types\json.js:77:19)
    at F:\Senior Citizen\node_modules\body-parser\lib\read.js:123:18
    at AsyncResource.runInAsyncScope (node:async_hooks:206:9)
    at invokeCallback (F:\Senior Citizen\node_modules\raw-body\index.js:238:16)
    at done (F:\Senior Citizen\node_modules\raw-body\index.js:227:7)
    at IncomingMessage.onEnd (F:\Senior Citizen\node_modules\raw-body\index.js:287:7)
    at IncomingMessage.emit (node:events:519:28)
    at endReadableNT (node:internal/streams/readable:1696:12)
    at process.processTicksAndRejections (node:internal/process/task_queues:82:21)

